
> trade-journal@0.0.0 build
> vite build

[36mvite v5.4.21 [32mbuilding for production...[36m[39m
transforming...
[32m✓[39m 1428 modules transformed.
[31mx[39m Build failed in 2.86s
[31merror during build:
[31mCould not resolve "../components/Ads" from "src/screens/PerformanceMetricsScreen.tsx"[31m
file: [36mC:/Users/User/.gemini/antigravity/scratch/trade-journal/src/screens/PerformanceMetricsScreen.tsx[31m
    at getRollupError (file:///C:/Users/User/.gemini/antigravity/scratch/trade-journal/node_modules/rollup/dist/es/shared/parseAst.js:401:41)
    at error (file:///C:/Users/User/.gemini/antigravity/scratch/trade-journal/node_modules/rollup/dist/es/shared/parseAst.js:397:42)
    at ModuleLoader.handleInvalidResolvedId (file:///C:/Users/User/.gemini/antigravity/scratch/trade-journal/node_modules/rollup/dist/es/shared/node-entry.js:21710:24)
    at file:///C:/Users/User/.gemini/antigravity/scratch/trade-journal/node_modules/rollup/dist/es/shared/node-entry.js:21670:26[39m
